============================= test session starts ==============================
platform darwin -- Python 3.9.6, pytest-8.4.2, pluggy-1.6.0
rootdir: /Users/david.donaldson/Library/CloudStorage/OneDrive-Slalom/Desktop/Idea
configfile: pytest.ini
plugins: cov-7.0.0
collected 58 items

tests/test_constants.py ......................                           [ 37%]
tests/test_game_logic.py ........F

=================================== FAILURES ===================================
____________ TestValidPlacement.test_valid_placement_different_box _____________
tests/test_game_logic.py:184: in test_valid_placement_different_box
    assert is_valid_placement(
E   AssertionError: assert False is True
E    +  where False = is_valid_placement([['5', '3', None, None, '7', None, ...], ['6', None, None, '1', '9', '5', ...], [None, '9', '8', None, None, None, ......one, None, None, '6', None, ...], ['4', None, None, '8', None, '3', ...], ['7', None, None, None, '2', None, ...], ...], 8, 8, '5', 9, 3)
=========================== short test summary info ============================
FAILED tests/test_game_logic.py::TestValidPlacement::test_valid_placement_different_box
!!!!!!!!!!!!!!!!!!!!!!!!!! stopping after 1 failures !!!!!!!!!!!!!!!!!!!!!!!!!!!
========================= 1 failed, 30 passed in 1.54s =========================
